Initialized native services in: C:\Users\arruz\.gradle\native
Initialized jansi services in: C:\Users\arruz\.gradle\native
Found daemon DaemonInfo{pid=7832, address=[6e11d65c-77d1-4250-a212-1e414dafcc88 port:56626, addresses:[/127.0.0.1]], state=Idle, lastBusy=1769641121057, context=DefaultDaemonContext[uid=5cb6d7e1-cbe8-4c65-a8c5-9a2eba61a8d4,javaHome=C:\Users\arruz\.antigravity\extensions\redhat.java-1.51.0-win32-x64\jre\21.0.9-win32-x86_64,javaVersion=21,javaVendor=Eclipse Adoptium,daemonRegistryDir=C:\Users\arruz\.gradle\daemon,pid=7832,idleTimeout=10800000,priority=NORMAL,applyInstrumentationAgent=true,nativeServicesMode=ENABLED,daemonOpts=-XX:MaxMetaspaceSize=384m,-XX:+HeapDumpOnOutOfMemoryError,-Xms256m,-Xmx512m,-Dfile.encoding=UTF-8,-Duser.country=IT,-Duser.language=it,-Duser.variant]} however its context does not match the desired criteria.
JVM is incompatible.
Wanted: DaemonRequestContext{jvmCriteria=C:\Users\arruz\.jdks\graalvm-ce-21.0.2 (no Daemon JVM specified, using current Java home), daemonOpts=[-XX:MaxMetaspaceSize=384m, -XX:+HeapDumpOnOutOfMemoryError, -Xms256m, -Xmx512m, -Dfile.encoding=UTF-8, -Duser.country=IT, -Duser.language=it, -Duser.variant], applyInstrumentationAgent=true, nativeServicesMode=ENABLED, priority=NORMAL}
Actual: DefaultDaemonContext[uid=5cb6d7e1-cbe8-4c65-a8c5-9a2eba61a8d4,javaHome=C:\Users\arruz\.antigravity\extensions\redhat.java-1.51.0-win32-x64\jre\21.0.9-win32-x86_64,javaVersion=21,javaVendor=Eclipse Adoptium,daemonRegistryDir=C:\Users\arruz\.gradle\daemon,pid=7832,idleTimeout=10800000,priority=NORMAL,applyInstrumentationAgent=true,nativeServicesMode=ENABLED,daemonOpts=-XX:MaxMetaspaceSize=384m,-XX:+HeapDumpOnOutOfMemoryError,-Xms256m,-Xmx512m,-Dfile.encoding=UTF-8,-Duser.country=IT,-Duser.language=it,-Duser.variant]

  Looking for a different daemon...
The client will now receive all logging from the daemon (pid: 4364). The daemon log file: C:\Users\arruz\.gradle\daemon\9.3.0\daemon-4364.out.log
Starting 92nd build in daemon [uptime: 3 hrs 45 mins 15.654 secs, performance: 100%, GC rate: 0.00/s, heap usage: 1% of 512 MiB, non-heap usage: 34% of 384 MiB]
Using 16 worker leases.
Operational build model parameters: {requiresToolingModels=false, parallelProjectExecution=true, configureOnDemand=false, configurationCache=false, configurationCacheParallelStore=false, configurationCacheParallelLoad=true, isolatedProjects=false, parallelProjectConfiguration=false, intermediateModelCache=false, parallelToolingApiActions=true, invalidateCoupledProjects=false, modelAsProjectDependency=false, resilientModelBuilding=false}
Now considering [C:\Users\arruz\Desktop\BetterGroupSystemPlugin] as hierarchies to watch
Watching the file system is configured to be enabled if available
File system watching is active
Starting Build
Settings evaluated using settings file 'C:\Users\arruz\Desktop\BetterGroupSystemPlugin\settings.gradle'.
Using local directory build cache for the root build (location = C:\Users\arruz\.gradle\caches\build-cache-1, remove unused entries = after 7 days).
Projects loaded. Root project using build file 'C:\Users\arruz\Desktop\BetterGroupSystemPlugin\build.gradle'.
Included projects: [root project 'BetterGroupSystemPlugin']

> Configure project :
Evaluating root project 'BetterGroupSystemPlugin' using build file 'C:\Users\arruz\Desktop\BetterGroupSystemPlugin\build.gradle'.
Resolved plugin [id: 'java']
Resolved plugin [id: 'org.jetbrains.gradle.plugin.idea-ext', version: '1.3']
All projects evaluated.
Task name matched 'test'
Selected primary task 'test' from project :
Tasks to be executed: [task ':compileJava', task ':updatePluginManifest', task ':processResources', task ':classes', task ':compileTestJava', task ':processTestResources', task ':testClasses', task ':test']
Tasks that were excluded: []
Resolve mutations for :compileJava (Thread[#6151,Execution worker Thread 2,5,main]) started.
:compileJava (Thread[#6159,Execution worker Thread 10,5,main]) started.

> Task :compileJava UP-TO-DATE
Build cache key for task ':compileJava' is 110c0a209702e2d1dbfadc808148c58a
Skipping task ':compileJava' as it is up-to-date.
Resolve mutations for :updatePluginManifest (Thread[#6159,Execution worker Thread 10,5,main]) started.
:updatePluginManifest (Thread[#6159,Execution worker Thread 10,5,main]) started.

> Task :updatePluginManifest
Custom actions are attached to task ':updatePluginManifest'.
Caching disabled for task ':updatePluginManifest' because:
  Gradle would require more information to cache this task
Task ':updatePluginManifest' is not up-to-date because:
  Task has not declared any outputs despite executing actions.
Resolve mutations for :processResources (Thread[#6159,Execution worker Thread 10,5,main]) started.
:processResources (Thread[#6159,Execution worker Thread 10,5,main]) started.

> Task :processResources
Caching disabled for task ':processResources' because:
  Not worth caching
Task ':processResources' is not up-to-date because:
  Input property 'rootSpec$1' file C:\Users\arruz\Desktop\BetterGroupSystemPlugin\src\main\resources\manifest.json has changed.
Resolve mutations for :classes (Thread[#6159,Execution worker Thread 10,5,main]) started.
:classes (Thread[#6159,Execution worker Thread 10,5,main]) started.

> Task :classes
Skipping task ':classes' as it has no actions.
Resolve mutations for :compileTestJava (Thread[#6159,Execution worker Thread 10,5,main]) started.
:compileTestJava (Thread[#6159,Execution worker Thread 10,5,main]) started.

> Task :compileTestJava UP-TO-DATE
Build cache key for task ':compileTestJava' is 0cd4bbb36a1fa846174f9c9fea579895
Skipping task ':compileTestJava' as it is up-to-date.
Resolve mutations for :processTestResources (Thread[#6159,Execution worker Thread 10,5,main]) started.
:processTestResources (Thread[#6159,Execution worker Thread 10,5,main]) started.

> Task :processTestResources NO-SOURCE
Skipping task ':processTestResources' as it has no source files and no previous output files.
Resolve mutations for :testClasses (Thread[#6159,Execution worker Thread 10,5,main]) started.
:testClasses (Thread[#6159,Execution worker Thread 10,5,main]) started.

> Task :testClasses UP-TO-DATE
Skipping task ':testClasses' as it has no actions.
Resolve mutations for :test (Thread[#6159,Execution worker Thread 10,5,main]) started.
:test (Thread[#6159,Execution worker Thread 10,5,main]) started.
Gradle Test Executor 4 started executing tests.
Gradle Test Executor 4 finished executing tests.

> Task :test
Build cache key for task ':test' is cbb7aa607858226f0679ac47a7536479
Task ':test' is not up-to-date because:
  Task has failed previously.
Starting process 'Gradle Test Executor 4'. Working directory: C:\Users\arruz\Desktop\BetterGroupSystemPlugin Command: C:\Users\arruz\.jdks\graalvm-ce-21.0.2\bin\java.exe -Dorg.gradle.internal.worker.tmpdir=C:\Users\arruz\Desktop\BetterGroupSystemPlugin\build\tmp\test\work @C:\Users\arruz\.gradle\.tmp\gradle-worker-classpath794315963793558901txt -Xmx512m -Dfile.encoding=UTF-8 -Duser.country=IT -Duser.language=it -Duser.variant -ea worker.org.gradle.process.internal.worker.GradleWorkerMain 'Gradle Test Executor 4'
Successfully started process 'Gradle Test Executor 4'

JacksonReproductionTest > testDeserialization() STANDARD_OUT
    Class: class dzve.model.Faction
Generating HTML test report...
Finished generating test html results (0.064 secs) into: C:\Users\arruz\Desktop\BetterGroupSystemPlugin\build\reports\tests\test
Finished generating test XML results (0.009 secs) into: C:\Users\arruz\Desktop\BetterGroupSystemPlugin\build\test-results\test
Stored cache entry for task ':test' with cache key cbb7aa607858226f0679ac47a7536479

BUILD SUCCESSFUL in 1s
5 actionable tasks: 3 executed, 2 up-to-date
Watched directory hierarchies: [C:\Users\arruz\Desktop\BetterGroupSystemPlugin]
Consider enabling configuration cache to speed up this build: https://docs.gradle.org/9.3.0/userguide/configuration_cache_enabling.html
